ross: 4
biddle: 4
lawrence: 4
key: 4
jackson: 4
clay_older: 4
gentleman: 4
old_man: 4
clerk: 1
capitol: 4
white_house: 0
indian_queen: 3
post_office: 4
bank: 2
jail: 0
rowhouse: 2
parlor: 4
taproom: 0
press: 0
post_interior: 1
hatter: 0
office: 0
cell: 0
furniture: 4
search failed oil street lamp 19th century America HTTP Error 429: Too Many Requests
search failed horse drawn wagon 1830s HTTP Error 429: Too Many Requests
street: 4
cartoon: 3
broadside: 1
banknote: 4
cards: 0
pipe: 4
whiskey: 2
resolutions: 0
cheque: 3
hat: 3
